1779738653.833267 client started (1563): version 3.6b, socket /private/tmp/tmux-501/default, protocol 8
1779738653.833321 on Darwin 25.2.0 Darwin Kernel Version 25.2.0: Tue Nov 18 21:09:56 PST 2025; root:xnu-12377.61.12~1/RELEASE_ARM64_T6041
1779738653.833331 using libevent 2.1.12-stable select
1779738653.833780 using utf8proc 2.11.3
1779738653.833792 using ncurses 6.6 20251230
1779738653.833808 flags are 0x10010000
1779738653.833814 socket is /private/tmp/tmux-501/default
1779738653.833827 trying connect
1779738653.833874 add peer 0x104fe22a0: 6 (0x0)
1779738653.836013 sending message 111 to peer 0x104fe22a0 (8 bytes)
1779738653.836022 sending message 111 to peer 0x104fe22a0 (8 bytes)
1779738653.836027 sending message 101 to peer 0x104fe22a0 (14 bytes)
1779738653.836032 sending message 109 to peer 0x104fe22a0 (4 bytes)
1779738653.836037 sending message 102 to peer 0x104fe22a0 (13 bytes)
1779738653.836041 sending message 108 to peer 0x104fe22a0 (34 bytes)
1779738653.836045 sending message 112 to peer 0x104fe22a0 (70 bytes)
1779738653.836049 sending message 112 to peer 0x104fe22a0 (5 bytes)
1779738653.836052 sending message 112 to peer 0x104fe22a0 (5 bytes)
1779738653.836058 sending message 112 to peer 0x104fe22a0 (6 bytes)
1779738653.836063 sending message 112 to peer 0x104fe22a0 (6 bytes)
1779738653.836066 sending message 112 to peer 0x104fe22a0 (11 bytes)
1779738653.836070 sending message 112 to peer 0x104fe22a0 (10 bytes)
1779738653.836074 sending message 112 to peer 0x104fe22a0 (13 bytes)
1779738653.836077 sending message 112 to peer 0x104fe22a0 (13 bytes)
1779738653.836081 sending message 112 to peer 0x104fe22a0 (18 bytes)
1779738653.836084 sending message 112 to peer 0x104fe22a0 (11 bytes)
1779738653.836088 sending message 112 to peer 0x104fe22a0 (10 bytes)
1779738653.836091 sending message 112 to peer 0x104fe22a0 (15 bytes)
1779738653.836095 sending message 112 to peer 0x104fe22a0 (21 bytes)
1779738653.836098 sending message 112 to peer 0x104fe22a0 (13 bytes)
1779738653.836102 sending message 112 to peer 0x104fe22a0 (7 bytes)
1779738653.836105 sending message 112 to peer 0x104fe22a0 (13 bytes)
1779738653.836109 sending message 112 to peer 0x104fe22a0 (7 bytes)
1779738653.836112 sending message 112 to peer 0x104fe22a0 (13 bytes)
1779738653.836116 sending message 112 to peer 0x104fe22a0 (9 bytes)
1779738653.836119 sending message 112 to peer 0x104fe22a0 (21 bytes)
1779738653.836123 sending message 112 to peer 0x104fe22a0 (13 bytes)
1779738653.836126 sending message 112 to peer 0x104fe22a0 (8 bytes)
1779738653.836132 sending message 112 to peer 0x104fe22a0 (12 bytes)
1779738653.836136 sending message 112 to peer 0x104fe22a0 (13 bytes)
1779738653.836140 sending message 112 to peer 0x104fe22a0 (9 bytes)
1779738653.836144 sending message 112 to peer 0x104fe22a0 (9 bytes)
1779738653.836147 sending message 112 to peer 0x104fe22a0 (12 bytes)
1779738653.836150 sending message 112 to peer 0x104fe22a0 (8 bytes)
1779738653.836154 sending message 112 to peer 0x104fe22a0 (8 bytes)
1779738653.836157 sending message 112 to peer 0x104fe22a0 (7 bytes)
1779738653.836161 sending message 112 to peer 0x104fe22a0 (7 bytes)
1779738653.836164 sending message 112 to peer 0x104fe22a0 (9 bytes)
1779738653.836168 sending message 112 to peer 0x104fe22a0 (13 bytes)
1779738653.836171 sending message 112 to peer 0x104fe22a0 (6 bytes)
1779738653.836174 sending message 112 to peer 0x104fe22a0 (9 bytes)
1779738653.836178 sending message 112 to peer 0x104fe22a0 (15 bytes)
1779738653.836181 sending message 112 to peer 0x104fe22a0 (13 bytes)
1779738653.836185 sending message 112 to peer 0x104fe22a0 (12 bytes)
1779738653.836188 sending message 112 to peer 0x104fe22a0 (8 bytes)
1779738653.836191 sending message 112 to peer 0x104fe22a0 (14 bytes)
1779738653.836195 sending message 112 to peer 0x104fe22a0 (11 bytes)
1779738653.836198 sending message 112 to peer 0x104fe22a0 (9 bytes)
1779738653.836202 sending message 112 to peer 0x104fe22a0 (10 bytes)
1779738653.836205 sending message 112 to peer 0x104fe22a0 (10 bytes)
1779738653.836208 sending message 112 to peer 0x104fe22a0 (10 bytes)
1779738653.836218 sending message 112 to peer 0x104fe22a0 (10 bytes)
1779738653.836221 sending message 112 to peer 0x104fe22a0 (11 bytes)
1779738653.836224 sending message 112 to peer 0x104fe22a0 (12 bytes)
1779738653.836226 sending message 112 to peer 0x104fe22a0 (12 bytes)
1779738653.836229 sending message 112 to peer 0x104fe22a0 (12 bytes)
1779738653.836232 sending message 112 to peer 0x104fe22a0 (12 bytes)
1779738653.836234 sending message 112 to peer 0x104fe22a0 (12 bytes)
1779738653.836237 sending message 112 to peer 0x104fe22a0 (11 bytes)
1779738653.836239 sending message 112 to peer 0x104fe22a0 (11 bytes)
1779738653.836242 sending message 112 to peer 0x104fe22a0 (12 bytes)
1779738653.836245 sending message 112 to peer 0x104fe22a0 (12 bytes)
1779738653.836247 sending message 112 to peer 0x104fe22a0 (12 bytes)
1779738653.836250 sending message 112 to peer 0x104fe22a0 (12 bytes)
1779738653.836252 sending message 112 to peer 0x104fe22a0 (12 bytes)
1779738653.836255 sending message 112 to peer 0x104fe22a0 (10 bytes)
1779738653.836257 sending message 112 to peer 0x104fe22a0 (12 bytes)
1779738653.836260 sending message 112 to peer 0x104fe22a0 (13 bytes)
1779738653.836263 sending message 112 to peer 0x104fe22a0 (13 bytes)
1779738653.836265 sending message 112 to peer 0x104fe22a0 (13 bytes)
1779738653.836268 sending message 112 to peer 0x104fe22a0 (13 bytes)
1779738653.836270 sending message 112 to peer 0x104fe22a0 (13 bytes)
1779738653.836273 sending message 112 to peer 0x104fe22a0 (8 bytes)
1779738653.836276 sending message 112 to peer 0x104fe22a0 (11 bytes)
1779738653.836278 sending message 112 to peer 0x104fe22a0 (11 bytes)
1779738653.836281 sending message 112 to peer 0x104fe22a0 (11 bytes)
1779738653.836283 sending message 112 to peer 0x104fe22a0 (12 bytes)
1779738653.836286 sending message 112 to peer 0x104fe22a0 (12 bytes)
1779738653.836288 sending message 112 to peer 0x104fe22a0 (12 bytes)
1779738653.836291 sending message 112 to peer 0x104fe22a0 (12 bytes)
1779738653.836293 sending message 112 to peer 0x104fe22a0 (13 bytes)
1779738653.836296 sending message 112 to peer 0x104fe22a0 (13 bytes)
1779738653.836299 sending message 112 to peer 0x104fe22a0 (13 bytes)
1779738653.836301 sending message 112 to peer 0x104fe22a0 (8 bytes)
1779738653.836304 sending message 112 to peer 0x104fe22a0 (13 bytes)
1779738653.836306 sending message 112 to peer 0x104fe22a0 (13 bytes)
1779738653.836309 sending message 112 to peer 0x104fe22a0 (13 bytes)
1779738653.836311 sending message 112 to peer 0x104fe22a0 (13 bytes)
1779738653.836314 sending message 112 to peer 0x104fe22a0 (13 bytes)
1779738653.836316 sending message 112 to peer 0x104fe22a0 (12 bytes)
1779738653.836319 sending message 112 to peer 0x104fe22a0 (12 bytes)
1779738653.836321 sending message 112 to peer 0x104fe22a0 (12 bytes)
1779738653.836324 sending message 112 to peer 0x104fe22a0 (12 bytes)
1779738653.836327 sending message 112 to peer 0x104fe22a0 (13 bytes)
1779738653.836329 sending message 112 to peer 0x104fe22a0 (8 bytes)
1779738653.836332 sending message 112 to peer 0x104fe22a0 (13 bytes)
1779738653.836334 sending message 112 to peer 0x104fe22a0 (13 bytes)
1779738653.836337 sending message 112 to peer 0x104fe22a0 (13 bytes)
1779738653.836340 sending message 112 to peer 0x104fe22a0 (13 bytes)
1779738653.836342 sending message 112 to peer 0x104fe22a0 (13 bytes)
1779738653.836345 sending message 112 to peer 0x104fe22a0 (13 bytes)
1779738653.836347 sending message 112 to peer 0x104fe22a0 (13 bytes)
1779738653.836350 sending message 112 to peer 0x104fe22a0 (12 bytes)
1779738653.836352 sending message 112 to peer 0x104fe22a0 (12 bytes)
1779738653.836355 sending message 112 to peer 0x104fe22a0 (12 bytes)
1779738653.836357 sending message 112 to peer 0x104fe22a0 (8 bytes)
1779738653.836360 sending message 112 to peer 0x104fe22a0 (12 bytes)
1779738653.836362 sending message 112 to peer 0x104fe22a0 (13 bytes)
1779738653.836365 sending message 112 to peer 0x104fe22a0 (13 bytes)
1779738653.836368 sending message 112 to peer 0x104fe22a0 (13 bytes)
1779738653.836370 sending message 112 to peer 0x104fe22a0 (13 bytes)
1779738653.836379 sending message 112 to peer 0x104fe22a0 (13 bytes)
1779738653.836381 sending message 112 to peer 0x104fe22a0 (13 bytes)
1779738653.836384 sending message 112 to peer 0x104fe22a0 (13 bytes)
1779738653.836387 sending message 112 to peer 0x104fe22a0 (13 bytes)
1779738653.836389 sending message 112 to peer 0x104fe22a0 (12 bytes)
1779738653.836392 sending message 112 to peer 0x104fe22a0 (10 bytes)
1779738653.836394 sending message 112 to peer 0x104fe22a0 (12 bytes)
1779738653.836397 sending message 112 to peer 0x104fe22a0 (12 bytes)
1779738653.836400 sending message 112 to peer 0x104fe22a0 (12 bytes)
1779738653.836402 sending message 112 to peer 0x104fe22a0 (13 bytes)
1779738653.836405 sending message 112 to peer 0x104fe22a0 (13 bytes)
1779738653.836408 sending message 112 to peer 0x104fe22a0 (13 bytes)
1779738653.836410 sending message 112 to peer 0x104fe22a0 (13 bytes)
1779738653.836413 sending message 112 to peer 0x104fe22a0 (13 bytes)
1779738653.836415 sending message 112 to peer 0x104fe22a0 (13 bytes)
1779738653.836418 sending message 112 to peer 0x104fe22a0 (13 bytes)
1779738653.836421 sending message 112 to peer 0x104fe22a0 (10 bytes)
1779738653.836423 sending message 112 to peer 0x104fe22a0 (13 bytes)
1779738653.836426 sending message 112 to peer 0x104fe22a0 (12 bytes)
1779738653.836428 sending message 112 to peer 0x104fe22a0 (12 bytes)
1779738653.836431 sending message 112 to peer 0x104fe22a0 (12 bytes)
1779738653.836433 sending message 112 to peer 0x104fe22a0 (10 bytes)
1779738653.836436 sending message 112 to peer 0x104fe22a0 (10 bytes)
1779738653.836439 sending message 112 to peer 0x104fe22a0 (10 bytes)
1779738653.836441 sending message 112 to peer 0x104fe22a0 (12 bytes)
1779738653.836444 sending message 112 to peer 0x104fe22a0 (13 bytes)
1779738653.836446 sending message 112 to peer 0x104fe22a0 (13 bytes)
1779738653.836449 sending message 112 to peer 0x104fe22a0 (13 bytes)
1779738653.836452 sending message 112 to peer 0x104fe22a0 (13 bytes)
1779738653.836454 sending message 112 to peer 0x104fe22a0 (13 bytes)
1779738653.836457 sending message 112 to peer 0x104fe22a0 (11 bytes)
1779738653.836459 sending message 112 to peer 0x104fe22a0 (11 bytes)
1779738653.836462 sending message 112 to peer 0x104fe22a0 (12 bytes)
1779738653.836465 sending message 112 to peer 0x104fe22a0 (12 bytes)
1779738653.836467 sending message 112 to peer 0x104fe22a0 (12 bytes)
1779738653.836470 sending message 112 to peer 0x104fe22a0 (12 bytes)
1779738653.836472 sending message 112 to peer 0x104fe22a0 (12 bytes)
1779738653.836475 sending message 112 to peer 0x104fe22a0 (11 bytes)
1779738653.836478 sending message 112 to peer 0x104fe22a0 (12 bytes)
1779738653.836480 sending message 112 to peer 0x104fe22a0 (12 bytes)
1779738653.836483 sending message 112 to peer 0x104fe22a0 (13 bytes)
1779738653.836485 sending message 112 to peer 0x104fe22a0 (13 bytes)
1779738653.836488 sending message 112 to peer 0x104fe22a0 (13 bytes)
1779738653.836490 sending message 112 to peer 0x104fe22a0 (13 bytes)
1779738653.836493 sending message 112 to peer 0x104fe22a0 (13 bytes)
1779738653.836496 sending message 112 to peer 0x104fe22a0 (10 bytes)
1779738653.836498 sending message 112 to peer 0x104fe22a0 (9 bytes)
1779738653.836501 sending message 112 to peer 0x104fe22a0 (12 bytes)
1779738653.836504 sending message 112 to peer 0x104fe22a0 (13 bytes)
1779738653.836506 sending message 112 to peer 0x104fe22a0 (13 bytes)
1779738653.836509 sending message 112 to peer 0x104fe22a0 (13 bytes)
1779738653.836511 sending message 112 to peer 0x104fe22a0 (13 bytes)
1779738653.836514 sending message 112 to peer 0x104fe22a0 (13 bytes)
1779738653.836516 sending message 112 to peer 0x104fe22a0 (9 bytes)
1779738653.836519 sending message 112 to peer 0x104fe22a0 (12 bytes)
1779738653.836522 sending message 112 to peer 0x104fe22a0 (13 bytes)
1779738653.836524 sending message 112 to peer 0x104fe22a0 (13 bytes)
1779738653.836527 sending message 112 to peer 0x104fe22a0 (13 bytes)
1779738653.836529 sending message 112 to peer 0x104fe22a0 (13 bytes)
1779738653.836536 sending message 112 to peer 0x104fe22a0 (13 bytes)
1779738653.836538 sending message 112 to peer 0x104fe22a0 (11 bytes)
1779738653.836541 sending message 112 to peer 0x104fe22a0 (12 bytes)
1779738653.836543 sending message 112 to peer 0x104fe22a0 (13 bytes)
1779738653.836546 sending message 112 to peer 0x104fe22a0 (13 bytes)
1779738653.836549 sending message 112 to peer 0x104fe22a0 (13 bytes)
1779738653.836551 sending message 112 to peer 0x104fe22a0 (13 bytes)
1779738653.836554 sending message 112 to peer 0x104fe22a0 (13 bytes)
1779738653.836556 sending message 112 to peer 0x104fe22a0 (11 bytes)
1779738653.836559 sending message 112 to peer 0x104fe22a0 (12 bytes)
1779738653.836561 sending message 112 to peer 0x104fe22a0 (12 bytes)
1779738653.836564 sending message 112 to peer 0x104fe22a0 (12 bytes)
1779738653.836566 sending message 112 to peer 0x104fe22a0 (12 bytes)
1779738653.836569 sending message 112 to peer 0x104fe22a0 (12 bytes)
1779738653.836571 sending message 112 to peer 0x104fe22a0 (21 bytes)
1779738653.836574 sending message 112 to peer 0x104fe22a0 (12 bytes)
1779738653.836577 sending message 112 to peer 0x104fe22a0 (9 bytes)
1779738653.836579 sending message 112 to peer 0x104fe22a0 (6 bytes)
1779738653.836582 sending message 112 to peer 0x104fe22a0 (13 bytes)
1779738653.836584 sending message 112 to peer 0x104fe22a0 (8 bytes)
1779738653.836587 sending message 112 to peer 0x104fe22a0 (15 bytes)
1779738653.836589 sending message 112 to peer 0x104fe22a0 (13 bytes)
1779738653.836592 sending message 112 to peer 0x104fe22a0 (9 bytes)
1779738653.836595 sending message 112 to peer 0x104fe22a0 (70 bytes)
1779738653.836597 sending message 112 to peer 0x104fe22a0 (69 bytes)
1779738653.836600 sending message 112 to peer 0x104fe22a0 (10 bytes)
1779738653.836603 sending message 112 to peer 0x104fe22a0 (10 bytes)
1779738653.836605 sending message 112 to peer 0x104fe22a0 (8 bytes)
1779738653.836608 sending message 112 to peer 0x104fe22a0 (15 bytes)
1779738653.836610 sending message 112 to peer 0x104fe22a0 (13 bytes)
1779738653.836613 sending message 112 to peer 0x104fe22a0 (10 bytes)
1779738653.836616 sending message 112 to peer 0x104fe22a0 (10 bytes)
1779738653.836618 sending message 112 to peer 0x104fe22a0 (17 bytes)
1779738653.836621 sending message 112 to peer 0x104fe22a0 (10 bytes)
1779738653.836623 sending message 112 to peer 0x104fe22a0 (13 bytes)
1779738653.836626 sending message 112 to peer 0x104fe22a0 (9 bytes)
1779738653.836629 sending message 112 to peer 0x104fe22a0 (5 bytes)
1779738653.836631 sending message 112 to peer 0x104fe22a0 (15 bytes)
1779738653.836635 sending message 104 to peer 0x104fe22a0 (0 bytes)
1779738653.836639 sending message 110 to peer 0x104fe22a0 (0 bytes)
1779738653.836642 sending message 107 to peer 0x104fe22a0 (4 bytes)
1779738653.836644 sending message 105 to peer 0x104fe22a0 (20 bytes)
1779738653.836647 sending message 105 to peer 0x104fe22a0 (22 bytes)
1779738653.836650 sending message 105 to peer 0x104fe22a0 (11 bytes)
1779738653.836653 sending message 105 to peer 0x104fe22a0 (1163 bytes)
1779738653.836656 sending message 105 to peer 0x104fe22a0 (98 bytes)
1779738653.836658 sending message 105 to peer 0x104fe22a0 (67 bytes)
1779738653.836661 sending message 105 to peer 0x104fe22a0 (56 bytes)
1779738653.836664 sending message 105 to peer 0x104fe22a0 (54 bytes)
1779738653.836666 sending message 105 to peer 0x104fe22a0 (72 bytes)
1779738653.836669 sending message 105 to peer 0x104fe22a0 (47 bytes)
1779738653.836672 sending message 105 to peer 0x104fe22a0 (38 bytes)
1779738653.836674 sending message 105 to peer 0x104fe22a0 (40 bytes)
1779738653.836677 sending message 105 to peer 0x104fe22a0 (18 bytes)
1779738653.836679 sending message 105 to peer 0x104fe22a0 (37 bytes)
1779738653.836682 sending message 105 to peer 0x104fe22a0 (30 bytes)
1779738653.836685 sending message 105 to peer 0x104fe22a0 (34 bytes)
1779738653.836687 sending message 105 to peer 0x104fe22a0 (60 bytes)
1779738653.836690 sending message 105 to peer 0x104fe22a0 (17 bytes)
1779738653.836698 sending message 105 to peer 0x104fe22a0 (8 bytes)
1779738653.836701 sending message 105 to peer 0x104fe22a0 (14 bytes)
1779738653.836703 sending message 105 to peer 0x104fe22a0 (32 bytes)
1779738653.836706 sending message 105 to peer 0x104fe22a0 (96 bytes)
1779738653.836709 sending message 105 to peer 0x104fe22a0 (20 bytes)
1779738653.836712 sending message 105 to peer 0x104fe22a0 (251 bytes)
1779738653.836714 sending message 105 to peer 0x104fe22a0 (53 bytes)
1779738653.836717 sending message 105 to peer 0x104fe22a0 (16 bytes)
1779738653.836720 sending message 105 to peer 0x104fe22a0 (26 bytes)
1779738653.836722 sending message 105 to peer 0x104fe22a0 (62 bytes)
1779738653.836725 sending message 105 to peer 0x104fe22a0 (60 bytes)
1779738653.836728 sending message 105 to peer 0x104fe22a0 (18 bytes)
1779738653.836730 sending message 105 to peer 0x104fe22a0 (12 bytes)
1779738653.836733 sending message 105 to peer 0x104fe22a0 (11 bytes)
1779738653.836736 sending message 105 to peer 0x104fe22a0 (590 bytes)
1779738653.836738 sending message 105 to peer 0x104fe22a0 (38 bytes)
1779738653.836741 sending message 105 to peer 0x104fe22a0 (15 bytes)
1779738653.836744 sending message 105 to peer 0x104fe22a0 (8 bytes)
1779738653.836749 sending message 105 to peer 0x104fe22a0 (66 bytes)
1779738653.836753 sending message 105 to peer 0x104fe22a0 (19 bytes)
1779738653.836756 sending message 105 to peer 0x104fe22a0 (60 bytes)
1779738653.836759 sending message 105 to peer 0x104fe22a0 (18 bytes)
1779738653.836761 sending message 105 to peer 0x104fe22a0 (26 bytes)
1779738653.836764 sending message 105 to peer 0x104fe22a0 (57 bytes)
1779738653.836766 sending message 105 to peer 0x104fe22a0 (43 bytes)
1779738653.836769 sending message 105 to peer 0x104fe22a0 (13 bytes)
1779738653.836772 sending message 105 to peer 0x104fe22a0 (60 bytes)
1779738653.836774 sending message 105 to peer 0x104fe22a0 (11 bytes)
1779738653.836777 sending message 105 to peer 0x104fe22a0 (137 bytes)
1779738653.836780 sending message 105 to peer 0x104fe22a0 (14 bytes)
1779738653.836782 sending message 105 to peer 0x104fe22a0 (19 bytes)
1779738653.836785 sending message 105 to peer 0x104fe22a0 (28 bytes)
1779738653.836788 sending message 105 to peer 0x104fe22a0 (26 bytes)
1779738653.836790 sending message 105 to peer 0x104fe22a0 (22 bytes)
1779738653.836793 sending message 105 to peer 0x104fe22a0 (38 bytes)
1779738653.836796 sending message 105 to peer 0x104fe22a0 (32 bytes)
1779738653.836798 sending message 105 to peer 0x104fe22a0 (10 bytes)
1779738653.836801 sending message 105 to peer 0x104fe22a0 (25 bytes)
1779738653.836803 sending message 106 to peer 0x104fe22a0 (0 bytes)
1779738653.836868 sending message 200 to peer 0x104fe22a0 (4 bytes)
1779738653.836873 client loop enter
1779738653.837087 peer 0x104fe22a0 message 303
1779738653.837103 open write file 2 -
1779738653.837117 sending message 305 to peer 0x104fe22a0 (8 bytes)
1779738653.837131 write check file 2
1779738653.837171 peer 0x104fe22a0 message 304
1779738653.837176 write 58 to file 2
1779738653.837181 peer 0x104fe22a0 message 203
1779738653.837185 file 2 58 bytes left
1779738653.837196 write check file 2
1779738653.837200 client loop exit
